###############################################################################
#
# IAR ELF Linker V8.40.1.212/W32 for ARM                  08/Mar/2020  11:32:42
# Copyright 2007-2019 IAR Systems AB.
#
#    Output file  =
#        D:\Users\17707\Desktop\K60ForVcan\Project\IAR\IarVcan\Debug\Exe\IarVcan.out
#    Map file     =
#        D:\Users\17707\Desktop\K60ForVcan\Project\IAR\IarVcan\Debug\List\IarVcan.map
#    Command line =
#        -f D:\Users\17707\AppData\Local\Temp\EWA01.tmp
#        (D:\Users\17707\Desktop\K60ForVcan\Project\IAR\IarVcan\Debug\Obj\Image_Processing.o
#        D:\Users\17707\Desktop\K60ForVcan\Project\IAR\IarVcan\Debug\Obj\main.o
#        D:\Users\17707\Desktop\K60ForVcan\Project\IAR\IarVcan\Debug\Obj\misc.o
#        D:\Users\17707\Desktop\K60ForVcan\Project\IAR\IarVcan\Debug\Obj\MK60_adc.o
#        D:\Users\17707\Desktop\K60ForVcan\Project\IAR\IarVcan\Debug\Obj\MK60_can.o
#        D:\Users\17707\Desktop\K60ForVcan\Project\IAR\IarVcan\Debug\Obj\MK60_conf.o
#        D:\Users\17707\Desktop\K60ForVcan\Project\IAR\IarVcan\Debug\Obj\MK60_dac.o
#        D:\Users\17707\Desktop\K60ForVcan\Project\IAR\IarVcan\Debug\Obj\MK60_dma.o
#        D:\Users\17707\Desktop\K60ForVcan\Project\IAR\IarVcan\Debug\Obj\MK60_DWT.o
#        D:\Users\17707\Desktop\K60ForVcan\Project\IAR\IarVcan\Debug\Obj\MK60_flash.o
#        D:\Users\17707\Desktop\K60ForVcan\Project\IAR\IarVcan\Debug\Obj\MK60_flexbus.o
#        D:\Users\17707\Desktop\K60ForVcan\Project\IAR\IarVcan\Debug\Obj\MK60_ftm.o
#        D:\Users\17707\Desktop\K60ForVcan\Project\IAR\IarVcan\Debug\Obj\MK60_gpio.o
#        D:\Users\17707\Desktop\K60ForVcan\Project\IAR\IarVcan\Debug\Obj\MK60_i2c.o
#        D:\Users\17707\Desktop\K60ForVcan\Project\IAR\IarVcan\Debug\Obj\MK60_it.o
#        D:\Users\17707\Desktop\K60ForVcan\Project\IAR\IarVcan\Debug\Obj\MK60_lptmr.o
#        D:\Users\17707\Desktop\K60ForVcan\Project\IAR\IarVcan\Debug\Obj\MK60_mcg.o
#        D:\Users\17707\Desktop\K60ForVcan\Project\IAR\IarVcan\Debug\Obj\MK60_PIT.o
#        D:\Users\17707\Desktop\K60ForVcan\Project\IAR\IarVcan\Debug\Obj\MK60_port.o
#        D:\Users\17707\Desktop\K60ForVcan\Project\IAR\IarVcan\Debug\Obj\MK60_rtc.o
#        D:\Users\17707\Desktop\K60ForVcan\Project\IAR\IarVcan\Debug\Obj\MK60_spi.o
#        D:\Users\17707\Desktop\K60ForVcan\Project\IAR\IarVcan\Debug\Obj\MK60_SysTick.o
#        D:\Users\17707\Desktop\K60ForVcan\Project\IAR\IarVcan\Debug\Obj\MK60_uart.o
#        D:\Users\17707\Desktop\K60ForVcan\Project\IAR\IarVcan\Debug\Obj\MK60_wdog.o
#        D:\Users\17707\Desktop\K60ForVcan\Project\IAR\IarVcan\Debug\Obj\Screen.o
#        D:\Users\17707\Desktop\K60ForVcan\Project\IAR\IarVcan\Debug\Obj\startup_MK60DZ10.o
#        D:\Users\17707\Desktop\K60ForVcan\Project\IAR\IarVcan\Debug\Obj\system_MK60DZ10.o
#        D:\Users\17707\Desktop\K60ForVcan\Project\IAR\IarVcan\Debug\Obj\VCAN_ASCII.o
#        D:\Users\17707\Desktop\K60ForVcan\Project\IAR\IarVcan\Debug\Obj\VCAN_BMP.o
#        D:\Users\17707\Desktop\K60ForVcan\Project\IAR\IarVcan\Debug\Obj\VCAN_camera.o
#        D:\Users\17707\Desktop\K60ForVcan\Project\IAR\IarVcan\Debug\Obj\VCAN_computer.o
#        D:\Users\17707\Desktop\K60ForVcan\Project\IAR\IarVcan\Debug\Obj\vcan_img2sd.o
#        D:\Users\17707\Desktop\K60ForVcan\Project\IAR\IarVcan\Debug\Obj\VCAN_key.o
#        D:\Users\17707\Desktop\K60ForVcan\Project\IAR\IarVcan\Debug\Obj\VCAN_key_event.o
#        D:\Users\17707\Desktop\K60ForVcan\Project\IAR\IarVcan\Debug\Obj\VCAN_LCD.o
#        D:\Users\17707\Desktop\K60ForVcan\Project\IAR\IarVcan\Debug\Obj\VCAN_LCD_CH.o
#        D:\Users\17707\Desktop\K60ForVcan\Project\IAR\IarVcan\Debug\Obj\VCAN_LCD_ILI9325.o
#        D:\Users\17707\Desktop\K60ForVcan\Project\IAR\IarVcan\Debug\Obj\VCAN_LCD_ILI9341.o
#        D:\Users\17707\Desktop\K60ForVcan\Project\IAR\IarVcan\Debug\Obj\VCAN_LCD_ST7735R.o
#        D:\Users\17707\Desktop\K60ForVcan\Project\IAR\IarVcan\Debug\Obj\VCAN_LCD_ST7735S.o
#        D:\Users\17707\Desktop\K60ForVcan\Project\IAR\IarVcan\Debug\Obj\VCAN_LED.o
#        D:\Users\17707\Desktop\K60ForVcan\Project\IAR\IarVcan\Debug\Obj\VCAN_MMA7455.o
#        D:\Users\17707\Desktop\K60ForVcan\Project\IAR\IarVcan\Debug\Obj\VCAN_NRF24L0.o
#        D:\Users\17707\Desktop\K60ForVcan\Project\IAR\IarVcan\Debug\Obj\VCAN_NRF24L0_MSG.o
#        D:\Users\17707\Desktop\K60ForVcan\Project\IAR\IarVcan\Debug\Obj\VCAN_OV7725_Eagle.o
#        D:\Users\17707\Desktop\K60ForVcan\Project\IAR\IarVcan\Debug\Obj\VCAN_OV7725_Wolf.o
#        D:\Users\17707\Desktop\K60ForVcan\Project\IAR\IarVcan\Debug\Obj\VCAN_RTC_count.o
#        D:\Users\17707\Desktop\K60ForVcan\Project\IAR\IarVcan\Debug\Obj\VCAN_SCCB.o
#        D:\Users\17707\Desktop\K60ForVcan\Project\IAR\IarVcan\Debug\Obj\vcan_sd_app.o
#        D:\Users\17707\Desktop\K60ForVcan\Project\IAR\IarVcan\Debug\Obj\Vcan_touch.o
#        D:\Users\17707\Desktop\K60ForVcan\Project\IAR\IarVcan\Debug\Obj\VCAN_TSL1401.o
#        D:\Users\17707\Desktop\K60ForVcan\Project\IAR\IarVcan\Debug\Obj\VCAN_UI_VAR.o
#        D:\Users\17707\Desktop\K60ForVcan\Project\IAR\IarVcan\Debug\Obj\vectors.o
#        --no_out_extension -o
#        D:\Users\17707\Desktop\K60ForVcan\Project\IAR\IarVcan\Debug\Exe\IarVcan.out
#        --map
#        D:\Users\17707\Desktop\K60ForVcan\Project\IAR\IarVcan\Debug\List\IarVcan.map
#        --config
#        "D:\Users\17707\Desktop\K60ForVcan\Project\IAR\IarVcan\..\..\..\Libraries\Startup\config
#        files\vcan_ROM_K60N512.icf" --semihosting --entry __iar_program_start
#        --vfe --text_out locale)
#
###############################################################################

*******************************************************************************
*** RUNTIME MODEL ATTRIBUTES
***

CppFlavor        = *
__CPP_Exceptions = *
__CPP_Language   = C++14
__SystemLibrary  = DLib
__dlib_version   = 6


*******************************************************************************
*** HEAP SELECTION
***

The basic heap was selected because no calls to memory allocation
functions were found in the application outside of system library
functions, and there are calls to deallocation functions in the
application.


*******************************************************************************
*** PLACEMENT SUMMARY
***

"A0":  place at address 0x0 { ro section .intvec };
"A1":  place at address 0x410 { ro section .noinit };
define block CodeRelocate { section .textrw_init };
"P1":  place in [from 0x0 to 0x8'0000] { ro, block CodeRelocate };
define block CodeRelocateRam { section .textrw };
define block CSTACK with size = 4K, alignment = 8 { };
define block HEAP with size = 2K, alignment = 8 { };
"P2":  place in [from 0x1fff'0410 to 0x2001'0000] {
          rw, block CodeRelocateRam, block CSTACK, block HEAP };
initialize manually with packing = copy, complex ranges { section .data };
initialize manually with packing = copy, complex ranges { section .textrw };

  Section              Kind         Address    Size  Object
  -------              ----         -------    ----  ------
"A0":                                         0x410
  .intvec              const            0x0   0x410  vectors.o [1]
                                    - 0x410   0x410

"A1":                                           0x8
  .noinit              ro code        0x410     0x8  startup_MK60DZ10.o [1]
                                    - 0x418     0x8

"P1":                                        0x5a58
  .text                ro code        0x418   0xfc6  xprintffull_nomb.o [2]
  .text                ro code       0x13de    0x3a  zero_init3.o [4]
  .text                ro code       0x1418    0x16  strchr.o [4]
  .rodata              const         0x142e     0x2  xlocale_c.o [2]
  .text                ro code       0x1430    0x40  xfail_s.o [2]
  .text                ro code       0x1470    0x36  strlen.o [4]
  .rodata              const         0x14a6     0x1  unwind_debug.o [5]
  .rodata              const         0x14a7     0x1  xlocale_c.o [2]
  .text                ro code       0x14a8    0x58  memchr.o [4]
  .text                ro code       0x1500    0xa6  ABImemcpy.o [4]
  .text                ro code       0x15a8    0x70  frexp.o [3]
  .text                ro code       0x1618    0x2e  DblCmpLe.o [3]
  .text                ro code       0x1648    0x2e  DblCmpGe.o [3]
  .text                ro code       0x1678   0x13a  ldexp.o [3]
  .text                ro code       0x17b4    0x3a  DblToS32.o [3]
  .text                ro code       0x17f0    0x22  S32ToDbl.o [3]
  .text                ro code       0x1814    0xe2  DblSub.o [3]
  .text                ro code       0x18f8   0x246  DblDiv.o [3]
  .text                ro code       0x1b40    0x28  DblToU32.o [3]
  .text                ro code       0x1b68    0x1a  U32ToDbl.o [3]
  .text                ro code       0x1b84   0x1a2  DblMul.o [3]
  .text                ro code       0x1d28     0x8  xlocale_c.o [2]
  .text                ro code       0x1d30   0x230  I64DivMod.o [4]
  .text                ro code       0x1f60     0x6  abort.o [2]
  .text                ro code       0x1f68   0x17a  DblAdd.o [3]
  .text                ro code       0x20e4     0x2  I64DivZer.o [4]
  .text                ro code       0x20e8    0x14  exit.o [5]
  .data_init                         0x20fc   0x840  <Block>
    Initializer bytes  const         0x20fc   0x840  <for .data-1>
  .text                ro code       0x293c   0x76c  Vcan_touch.o [1]
  .text                ro code       0x30a8   0x54c  MK60_spi.o [1]
  .text                ro code       0x35f4    0xb8  MK60_port.o [1]
  .text                ro code       0x36ac   0x500  VCAN_LCD_ILI9325.o [1]
  .text                ro code       0x3bac   0x312  VCAN_LCD.o [1]
  .text                ro code       0x3ec0    0x60  MK60_SysTick.o [1]
  .text                ro code       0x3f20    0x48  FltToDbl.o [3]
  .text                ro code       0x3f68    0x68  DblToFlt.o [3]
  .text                ro code       0x3fd0    0x24  S32ToFlt.o [3]
  .text                ro code       0x3ff4    0xe2  FltAdd.o [3]
  .text                ro code       0x40d8    0xd8  FltMul.o [3]
  .text                ro code       0x41b0    0x80  FltSub.o [3]
  .text                ro code       0x4230    0x24  FltCmpLe.o [3]
  .text                ro code       0x4254    0x24  FltCmpGe.o [3]
  .text                ro code       0x4278    0xfc  FltDiv.o [3]
  .text                ro code       0x4374    0x2a  FltToS32.o [3]
  .text                ro code       0x43a0    0x66  ABImemset.o [4]
  .text                ro code       0x4406     0x8  abs.o [2]
  Veneer               ro code       0x4410     0x8  - Linker created -
  Veneer               ro code       0x4418     0x8  - Linker created -
  .text                ro code       0x4420   0x140  MK60_conf.o [1]
  .text                ro code       0x4560   0x138  MK60_gpio.o [1]
  .text                ro code       0x4698   0x110  MK60_flexbus.o [1]
  .text                ro code       0x47a8    0x80  VCAN_LED.o [1]
  .text                ro code       0x4828    0x28  printf.o [2]
  .text                ro code       0x4850   0x22c  MK60_uart.o [1]
  .text                ro code       0x4a7c    0xa4  VCAN_key.o [1]
  .rodata              const         0x4b20   0x600  VCAN_ASCII.o [1]
  Veneer               ro code       0x5120     0x8  - Linker created -
  .text                ro code       0x5128   0x3a8  MK60_mcg.o [1]
  CodeRelocate                       0x54d0   0x278  <Block>
    Initializer bytes  const         0x54d0   0x278  <for CodeRelocateRam-1>
  Veneer               ro code       0x5748     0x8  - Linker created -
  Veneer               ro code       0x5750     0x8  - Linker created -
  .text                ro code       0x5758   0x1a4  Screen.o [1]
  .text                ro code       0x58fc   0x118  system_MK60DZ10.o [1]
  .text                ro code       0x5a14    0x40  MK60_wdog.o [1]
  .text                ro code       0x5a54    0x70  main.o [1]
  .text                ro code       0x5ac4    0x2c  misc.o [1]
  .rodata              const         0x5af0    0x40  MK60_flash.o [1]
  .rodata              const         0x5b30    0x40  MK60_gpio.o [1]
  .rodata              const         0x5b70    0x40  MK60_spi.o [1]
  .rodata              const         0x5bb0    0x40  MK60_SysTick.o [1]
  .rodata              const         0x5bf0    0x40  MK60_uart.o [1]
  .rodata              const         0x5c30    0x3c  MK60_conf.o [1]
  .rodata              const         0x5c6c    0x3c  MK60_spi.o [1]
  .rodata              const         0x5ca8    0x3c  VCAN_LCD.o [1]
  .rodata              const         0x5ce4    0x38  misc.o [1]
  .text                ro code       0x5d1c    0x28  data_init.o [4]
  .rodata              const         0x5d44    0x24  MK60_conf.o [1]
  .iar.init_table      const         0x5d68    0x10  - Linker created -
  .rodata              const         0x5d78    0x20  MK60_conf.o [1]
  .text                ro code       0x5d98    0x1e  cmain.o [4]
  .text                ro code       0x5db6     0x4  low_level_init.o [2]
  .text                ro code       0x5dba     0x4  exit.o [2]
  .text                ro code       0x5dc0     0xa  cexit.o [4]
  .text                ro code       0x5dca    0x16  xprout.o [2]
  .text                ro code       0x5de0     0xc  putchar.o [2]
  .rodata              const         0x5dec    0x14  MK60_conf.o [1]
  .text                ro code       0x5e00     0xc  cstartup_M.o [4]
  .rodata              const         0x5e0c     0x8  xprintffull_nomb.o [2]
  .rodata              const         0x5e14     0x4  MK60_spi.o [1]
  .rodata              const         0x5e18     0x4  Screen.o [1]
  .rodata              const         0x5e1c     0x4  Screen.o [1]
  .rodata              const         0x5e20     0x4  Screen.o [1]
  .rodata              const         0x5e24     0x4  Screen.o [1]
  .rodata              const         0x5e28     0x4  Screen.o [1]
  .rodata              const         0x5e2c     0x4  Screen.o [1]
  .rodata              const         0x5e30     0x4  Screen.o [1]
  .rodata              const         0x5e34     0x4  Screen.o [1]
  .rodata              const         0x5e38     0x4  Screen.o [1]
  .rodata              const         0x5e3c     0x4  Screen.o [1]
  .rodata              const         0x5e40     0x4  Screen.o [1]
  .rodata              const         0x5e44     0x4  Screen.o [1]
  .rodata              const         0x5e48     0x4  Screen.o [1]
  .rodata              const         0x5e4c     0x4  Screen.o [1]
  .rodata              const         0x5e50     0x4  Screen.o [1]
  .rodata              const         0x5e54     0x4  Screen.o [1]
  .rodata              const         0x5e58     0x4  Screen.o [1]
  .rodata              const         0x5e5c     0x4  Screen.o [1]
  .rodata              const         0x5e60     0x4  Screen.o [1]
  .rodata              const         0x5e64     0x4  Screen.o [1]
  .rodata              const         0x5e68     0x4  Screen.o [1]
  .rodata              const         0x5e6c     0x4  VCAN_LCD.o [1]
  .rodata              const         0x5e70     0x0  zero_init3.o [4]
                                   - 0x5e70  0x5a58

"P2", part 1 of 2:                            0xab8
  .data                         0x1fff'0410   0x840  <Block>
    .data-1                     0x1fff'0410   0x83d  <Init block>
      .data            inited   0x1fff'0410   0x708  MK60_conf.o [1]
      .data            inited   0x1fff'0b18    0x14  MK60_gpio.o [1]
      .data            inited   0x1fff'0b2c    0x44  MK60_mcg.o [1]
      .data            inited   0x1fff'0b70     0x4  MK60_mcg.o [1]
      .data            inited   0x1fff'0b74    0x14  MK60_port.o [1]
      .data            inited   0x1fff'0b88     0xc  MK60_spi.o [1]
      .data            inited   0x1fff'0b94    0x18  MK60_uart.o [1]
      .data            inited   0x1fff'0bac    0x10  Screen.o [1]
      .data            inited   0x1fff'0bbc     0x8  VCAN_key.o [1]
      .data            inited   0x1fff'0bc4     0x4  VCAN_LED.o [1]
      .data            inited   0x1fff'0bc8    0x48  xfiles.o [2]
      .data            inited   0x1fff'0c10    0x38  xlocale_c.o [2]
      .data            inited   0x1fff'0c48     0x2  VCAN_LCD_ILI9325.o [1]
      .data            inited   0x1fff'0c4a     0x2  VCAN_LCD_ILI9325.o [1]
      .data            inited   0x1fff'0c4c     0x1  VCAN_LCD_ILI9325.o [1]
  CodeRelocateRam               0x1fff'0c50   0x278  <Block>
    CodeRelocateRam-1           0x1fff'0c50   0x278  <Init block>
      Veneer           inited   0x1fff'0c50     0x8  - Linker created -
      Veneer           inited   0x1fff'0c58     0x8  - Linker created -
      .textrw          inited   0x1fff'0c60   0x220  MK60_flash.o [1]
      .textrw          inited   0x1fff'0e80    0x48  MK60_mcg.o [1]
                              - 0x1fff'0ec8   0xab8

"P2", part 2 of 2:                             0xd8
  .bss                          0x1fff'0ec8    0xd8  <Block>
    .bss               zero     0x1fff'0ec8     0x4  system_MK60DZ10.o [1]
    .bss               zero     0x1fff'0ecc     0x4  system_MK60DZ10.o [1]
    .bss               zero     0x1fff'0ed0     0x4  system_MK60DZ10.o [1]
    .bss               zero     0x1fff'0ed4     0x4  Vcan_touch.o [1]
    .bss               zero     0x1fff'0ed8     0x4  Vcan_touch.o [1]
    .bss               zero     0x1fff'0edc    0x6c  Vcan_touch.o [1]
    .bss               zero     0x1fff'0f48    0x50  xfiles.o [2]
    .bss               zero     0x1fff'0f98     0x4  xfail_s.o [2]
    .bss               zero     0x1fff'0f9c     0x2  Screen.o [1]
                              - 0x1fff'0fa0    0xd8

Unused ranges:

         From           To      Size
         ----           --      ----
       0x5e70     0x8'0000  0x7'a191
  0x1fff'0fa0  0x2001'0000  0x1'f061


*******************************************************************************
*** INIT TABLE
***

          Address      Size
          -------      ----
Zero (__iar_zero_init3)
    1 destination range, total size 0xd6:
          0x1fff'0ec8  0xd6



*******************************************************************************
*** MODULE SUMMARY
***

    Module              ro code  rw code  ro data  rw data
    ------              -------  -------  -------  -------
command line/config:
    ------------------------------------------------------
    Total:

D:\Users\17707\Desktop\K60ForVcan\Project\IAR\IarVcan\Debug\Obj: [1]
    MK60_SysTick.o           96                64
    MK60_conf.o             320             1'948    1'800
    MK60_flash.o                     544      608
    MK60_flexbus.o          272
    MK60_gpio.o             312                84       20
    MK60_mcg.o              936       72      144       72
    MK60_port.o             184                20       20
    MK60_spi.o            1'356               140       12
    MK60_uart.o             556                88       24
    MK60_wdog.o              64
    Screen.o                420               100       18
    VCAN_ASCII.o                            1'536
    VCAN_LCD.o              786                64
    VCAN_LCD_ILI9325.o    1'280                 5        5
    VCAN_LED.o              128                 4        4
    VCAN_key.o              164                 8        8
    Vcan_touch.o          1'900                        116
    main.o                  112
    misc.o                   44                56
    startup_MK60DZ10.o        8
    system_MK60DZ10.o       280                         12
    vectors.o                               1'040
    ------------------------------------------------------
    Total:                9'218      616    5'909    2'111

dl7M_tlf.a: [2]
    abort.o                   6
    abs.o                     8
    exit.o                    4
    low_level_init.o          4
    printf.o                 40
    putchar.o                12
    xfail_s.o                64                          4
    xfiles.o                                   72      152
    xlocale_c.o               8                59       56
    xprintffull_nomb.o    4'038                 8
    xprout.o                 22
    ------------------------------------------------------
    Total:                4'206               139      212

m7M_tl.a: [3]
    DblAdd.o                378
    DblCmpGe.o               46
    DblCmpLe.o               46
    DblDiv.o                582
    DblMul.o                418
    DblSub.o                226
    DblToFlt.o              104
    DblToS32.o               58
    DblToU32.o               40
    FltAdd.o                226
    FltCmpGe.o               36
    FltCmpLe.o               36
    FltDiv.o                252
    FltMul.o                216
    FltSub.o                128
    FltToDbl.o               72
    FltToS32.o               42
    S32ToDbl.o               34
    S32ToFlt.o               36
    U32ToDbl.o               26
    frexp.o                 112
    ldexp.o                 314
    ------------------------------------------------------
    Total:                3'428

rt7M_tl.a: [4]
    ABImemcpy.o             166
    ABImemset.o             102
    I64DivMod.o             560
    I64DivZer.o               2
    cexit.o                  10
    cmain.o                  30
    cstartup_M.o             12
    data_init.o              40
    memchr.o                 88
    strchr.o                 22
    strlen.o                 54
    zero_init3.o             58
    ------------------------------------------------------
    Total:                1'144

shb_l.a: [5]
    exit.o                   20
    unwind_debug.o                              1
    ------------------------------------------------------
    Total:                   20                 1

    Gaps                     36
    Linker created           40       16       35
----------------------------------------------------------
    Grand Total:         18'092      632    6'084    2'323


*******************************************************************************
*** ENTRY LIST
***

Entry                       Address   Size  Type      Object
-----                       -------   ----  ----      ------
.bss$$Base              0x1fff'0ec8          --   Gb  - Linker created -
.bss$$Limit             0x1fff'0fa0          --   Gb  - Linker created -
.data$$Base             0x1fff'0410          --   Gb  - Linker created -
.data$$Limit            0x1fff'0c50          --   Gb  - Linker created -
.data_init$$Base             0x20fc          --   Gb  - Linker created -
.data_init$$Limit            0x293c          --   Gb  - Linker created -
.iar.init_table$$Base        0x5d68          --   Gb  - Linker created -
.iar.init_table$$Limit       0x5d78          --   Gb  - Linker created -
?main                        0x5d99         Code  Gb  cmain.o [4]
ASSERT_FAILED_STR            0x5d44   0x24  Data  Gb  MK60_conf.o [1]
CodeRelocate$$Base           0x54d0          --   Gb  - Linker created -
CodeRelocate$$Limit          0x5748          --   Gb  - Linker created -
CodeRelocateRam$$Base   0x1fff'0c50          --   Gb  - Linker created -
CodeRelocateRam$$Limit  0x1fff'0ec8          --   Gb  - Linker created -
GPIOX                   0x1fff'0b18   0x14  Data  Gb  MK60_gpio.o [1]
ILI9325_get_h                0x3b8b    0x6  Code  Gb  VCAN_LCD_ILI9325.o [1]
ILI9325_get_w                0x3b91    0x6  Code  Gb  VCAN_LCD_ILI9325.o [1]
KEY_PTxn                0x1fff'0bbc    0x8  Data  Gb  VCAN_key.o [1]
LCD_ILI9325_dir              0x3947   0xde  Code  Gb  VCAN_LCD_ILI9325.o [1]
LCD_ILI9325_init             0x36ad  0x29a  Code  Gb  VCAN_LCD_ILI9325.o [1]
LCD_ILI9325_ptlon            0x3a25  0x166  Code  Gb  VCAN_LCD_ILI9325.o [1]
LCD_char                     0x3d4b   0xb0  Code  Gb  VCAN_LCD.o [1]
LCD_clear                    0x3c0f   0x2e  Code  Gb  VCAN_LCD.o [1]
LCD_cross                    0x3c3d  0x10e  Code  Gb  VCAN_LCD.o [1]
LCD_init                     0x3bad   0x30  Code  Gb  VCAN_LCD.o [1]
LCD_rectangle                0x3bdd   0x32  Code  Gb  VCAN_LCD.o [1]
LCD_str                      0x3e09   0xb6  Code  Gb  VCAN_LCD.o [1]
LED_PTxn                0x1fff'0bc4    0x4  Data  Gb  VCAN_LED.o [1]
NVIC_SystemReset             0x4421   0x18  Code  Lc  MK60_conf.o [1]
PORTX                   0x1fff'0b74   0x14  Data  Gb  MK60_port.o [1]
Palette_Init                 0x57ab   0x9c  Code  Gb  Screen.o [1]
Palette_draw_point           0x5847   0x50  Code  Gb  Screen.o [1]
Palette_draw_point::Pen_color
                        0x1fff'0f9c    0x2  Data  Lc  Screen.o [1]
Region$$Table$$Base          0x5d68          --   Gb  - Linker created -
Region$$Table$$Limit         0x5d78          --   Gb  - Linker created -
Reset_Handler                 0x411         Code  Gb  startup_MK60DZ10.o [1]
SPIN                    0x1fff'0b88    0xc  Data  Gb  MK60_spi.o [1]
SysInit                      0x5a55   0x4e  Code  Gb  main.o [1]
UARTN                   0x1fff'0b94   0x18  Data  Gb  MK60_uart.o [1]
_LitobFullNoMb               0x11d9  0x10a  Code  Lc  xprintffull_nomb.o [2]
_Locale_lconv           0x1fff'0c10   0x38  Data  Lc  xlocale_c.o [2]
_PrintfFullNoMb               0x419  0xd9c  Code  Gb  xprintffull_nomb.o [2]
_Prout                       0x5dcb   0x16  Code  Gb  xprout.o [2]
_PutcharFullNoMb             0x1349   0x20  Code  Lc  xprintffull_nomb.o [2]
_PutcharsFullNoMb            0x1369   0x2e  Code  Lc  xprintffull_nomb.o [2]
__BOOT_STACK_ADDRESS {Abs}
                        0x2000'fff8         Data  Gb  <internal module>
__VECTOR_RAM {Abs}      0x1fff'0000         Data  Gb  <internal module>
__VECTOR_TABLE {Abs}            0x0         Data  Gb  <internal module>
__aeabi_cdcmple              0x1619         Code  Gb  DblCmpLe.o [3]
__aeabi_cdrcmple             0x1649         Code  Gb  DblCmpGe.o [3]
__aeabi_cfcmple              0x4231         Code  Gb  FltCmpLe.o [3]
__aeabi_cfrcmple             0x4255         Code  Gb  FltCmpGe.o [3]
__aeabi_d2f                  0x3f69         Code  Gb  DblToFlt.o [3]
__aeabi_d2iz                 0x17b5         Code  Gb  DblToS32.o [3]
__aeabi_d2uiz                0x1b41         Code  Gb  DblToU32.o [3]
__aeabi_dadd                 0x1f69         Code  Gb  DblAdd.o [3]
__aeabi_ddiv                 0x18f9         Code  Gb  DblDiv.o [3]
__aeabi_dmul                 0x1b85         Code  Gb  DblMul.o [3]
__aeabi_dsub                 0x1815         Code  Gb  DblSub.o [3]
__aeabi_f2d                  0x3f21         Code  Gb  FltToDbl.o [3]
__aeabi_f2iz                 0x4375         Code  Gb  FltToS32.o [3]
__aeabi_fadd                 0x3ff5         Code  Gb  FltAdd.o [3]
__aeabi_fdiv                 0x4279         Code  Gb  FltDiv.o [3]
__aeabi_fmul                 0x40d9         Code  Gb  FltMul.o [3]
__aeabi_fsub                 0x41b1         Code  Gb  FltSub.o [3]
__aeabi_i2d                  0x17f1         Code  Gb  S32ToDbl.o [3]
__aeabi_i2f                  0x3fd1         Code  Gb  S32ToFlt.o [3]
__aeabi_ldiv0                0x20e5         Code  Gb  I64DivZer.o [4]
__aeabi_memcpy               0x1501         Code  Gb  ABImemcpy.o [4]
__aeabi_memcpy4              0x1521         Code  Gb  ABImemcpy.o [4]
__aeabi_memcpy8              0x1521         Code  Gb  ABImemcpy.o [4]
__aeabi_memset               0x43a1         Code  Gb  ABImemset.o [4]
__aeabi_ui2d                 0x1b69         Code  Gb  U32ToDbl.o [3]
__aeabi_uldivmod             0x1d31         Code  Gb  I64DivMod.o [4]
__cmain                      0x5d99         Code  Gb  cmain.o [4]
__code_start__ {Abs}          0x410         Data  Gb  <internal module>
__exit                       0x20e9   0x14  Code  Gb  exit.o [5]
__iar_Fail_s                 0x1431   0x1c  Code  Gb  xfail_s.o [2]
__iar_Memchr                 0x14a9         Code  Gb  memchr.o [4]
__iar_Memset                 0x43a1         Code  Gb  ABImemset.o [4]
__iar_Memset_word            0x43a9         Code  Gb  ABImemset.o [4]
__iar_Stdout            0x1fff'0bc8   0x48  Data  Gb  xfiles.o [2]
__iar_Strchr                 0x1419         Code  Gb  strchr.o [4]
__iar_dadd                   0x1825         Code  Gb  DblSub.o [3]
__iar_data_init3             0x5d1d   0x28  Code  Gb  data_init.o [4]
__iar_debug_exceptions       0x14a6    0x1  Data  Gb  unwind_debug.o [5]
__iar_dsub                   0x1f79         Code  Gb  DblAdd.o [3]
__iar_dsubStart              0x1f8b         Code  Gb  DblAdd.o [3]
__iar_fadd                   0x41bd         Code  Gb  FltSub.o [3]
__iar_frexp                  0x15b5         Code  Gb  frexp.o [3]
__iar_frexp64                0x15a9         Code  Gb  frexp.o [3]
__iar_frexpl                 0x15b5         Code  Gb  frexp.o [3]
__iar_fsub                   0x4001         Code  Gb  FltAdd.o [3]
__iar_fsubStart              0x4011         Code  Gb  FltAdd.o [3]
__iar_ldexp64                0x1679         Code  Gb  ldexp.o [3]
__iar_program_start          0x5e01         Code  Gb  cstartup_M.o [4]
__iar_scalbln64              0x1679         Code  Gb  ldexp.o [3]
__iar_scalbn64               0x1679         Code  Gb  ldexp.o [3]
__iar_zero_init3             0x13df   0x3a  Code  Gb  zero_init3.o [4]
__low_level_init             0x5db7    0x4  Code  Gb  low_level_init.o [2]
__vector_table                  0x0  0x410  Data  Gb  vectors.o [1]
_call_main                   0x5da5         Code  Gb  cmain.o [4]
_exit                        0x5dc1         Code  Gb  cexit.o [4]
_main                        0x5db3         Code  Gb  cmain.o [4]
abort                        0x1f61    0x6  Code  Gb  abort.o [2]
abs                          0x4407    0x8  Code  Gb  abs.o [2]
ascii_8x16                   0x4b20  0x600  Data  Gb  VCAN_ASCII.o [1]
assert_failed                0x4439   0x26  Code  Gb  MK60_conf.o [1]
bus_clk_khz             0x1fff'0ed0    0x4  Data  Gb  system_MK60DZ10.o [1]
cal                     0x1fff'0edc   0x6c  Data  Lc  Vcan_touch.o [1]
common_startup               0x5957   0x84  Code  Gb  system_MK60DZ10.o [1]
core_clk_khz            0x1fff'0ec8    0x4  Data  Gb  system_MK60DZ10.o [1]
core_clk_mhz            0x1fff'0ecc    0x4  Data  Gb  system_MK60DZ10.o [1]
default_isr                  0x450f   0x32  Code  Gb  MK60_conf.o [1]
exit                         0x5dbb    0x4  Code  Gb  exit.o [2]
flash_cmd               0x1fff'0c61   0x1c  Code  Gb  MK60_flash.o [1]
flash_erase_sector      0x1fff'0ca7   0x58  Code  Gb  MK60_flash.o [1]
flash_init              0x1fff'0c7d   0x2a  Code  Gb  MK60_flash.o [1]
flash_load                   0x5759   0x2a  Code  Gb  Screen.o [1]
flash_save                   0x5783   0x28  Code  Gb  Screen.o [1]
flash_write             0x1fff'0cff   0x96  Code  Gb  MK60_flash.o [1]
flash_write_buf         0x1fff'0d95   0xbc  Code  Gb  MK60_flash.o [1]
flexbus_8080_init            0x4699  0x110  Code  Gb  MK60_flexbus.o [1]
fputc                        0x445f   0x14  Code  Gb  MK60_conf.o [1]
frexp                        0x15a9         Code  Gb  frexp.o [3]
frexpl                       0x15a9         Code  Gb  frexp.o [3]
gpio_get                     0x4651   0x3c  Code  Gb  MK60_gpio.o [1]
gpio_init                    0x4561   0xb6  Code  Gb  MK60_gpio.o [1]
gpio_turn                    0x4617   0x3a  Code  Gb  MK60_gpio.o [1]
ili9325_dir             0x1fff'0c4c    0x1  Data  Gb  VCAN_LCD_ILI9325.o [1]
ili9325_h               0x1fff'0c48    0x2  Data  Gb  VCAN_LCD_ILI9325.o [1]
ili9325_w               0x1fff'0c4a    0x2  Data  Gb  VCAN_LCD_ILI9325.o [1]
key_check                    0x4af1   0x2a  Code  Gb  VCAN_key.o [1]
key_get                      0x4ad5   0x1c  Code  Gb  VCAN_key.o [1]
key_init                     0x4a7d   0x58  Code  Gb  VCAN_key.o [1]
ldexp                        0x1679         Code  Gb  ldexp.o [3]
ldexpl                       0x1679         Code  Gb  ldexp.o [3]
led_init                     0x47a9   0x40  Code  Gb  VCAN_LED.o [1]
led_turn                     0x47e9   0x38  Code  Gb  VCAN_LED.o [1]
localeconv                   0x1d29    0x4  Code  Gb  xlocale_c.o [2]
main                         0x5aad   0x18  Code  Gb  main.o [1]
mcg_cfg                 0x1fff'0b2c   0x44  Data  Gb  MK60_mcg.o [1]
mcg_div                 0x1fff'0b70    0x4  Data  Gb  MK60_mcg.o [1]
mcg_div_count                0x5129  0x2f4  Code  Gb  MK60_mcg.o [1]
memchr                       0x14a9         Code  Gb  memchr.o [4]
obuf                    0x1fff'0f48   0x50  Data  Lc  xfiles.o [2]
pencolor_a              0x1fff'0bac   0x10  Data  Gb  Screen.o [1]
perform_calibration          0x2b05  0x404  Code  Lc  Vcan_touch.o [1]
pll_init                     0x541d   0x96  Code  Gb  MK60_mcg.o [1]
port_init                    0x35f5   0x48  Code  Gb  MK60_port.o [1]
port_init_NoALT              0x363d   0x68  Code  Gb  MK60_port.o [1]
printf                       0x4829   0x28  Code  Gb  printf.o [2]
putchar                      0x5de1    0xc  Code  Gb  putchar.o [2]
scalbln                      0x1679         Code  Gb  ldexp.o [3]
scalblnl                     0x1679         Code  Gb  ldexp.o [3]
scalbn                       0x1679         Code  Gb  ldexp.o [3]
scalbnl                      0x1679         Code  Gb  ldexp.o [3]
scale                        0x12e3   0x46  Code  Lc  xprintffull_nomb.o [2]
sec_hand                0x1fff'0f98    0x4  Data  Lc  xfail_s.o [2]
set_sys_dividers        0x1fff'0e81   0x48  Code  Gb  MK60_mcg.o [1]
spi_init                     0x30a9  0x34c  Code  Gb  MK60_spi.o [1]
spi_mosi_cmd                 0x33f5  0x1d8  Code  Gb  MK60_spi.o [1]
start                        0x58fd   0x22  Code  Gb  system_MK60DZ10.o [1]
start_check                  0x4473   0x9c  Code  Gb  MK60_conf.o [1]
strchr                       0x1419         Code  Gb  strchr.o [4]
strlen                       0x1471         Code  Gb  strlen.o [4]
sysinit                      0x591f   0x38  Code  Gb  system_MK60DZ10.o [1]
systick_delay                0x3ec1   0x32  Code  Gb  MK60_SysTick.o [1]
systick_delay_ms             0x3ef3   0x18  Code  Gb  MK60_SysTick.o [1]
touch_baud              0x1fff'0ed4    0x4  Data  Lc  Vcan_touch.o [1]
touch_calibrate              0x296f   0xdc  Code  Gb  Vcan_touch.o [1]
touch_delay             0x1fff'0ed8    0x4  Data  Lc  Vcan_touch.o [1]
touch_get_point              0x2a4b   0x9e  Code  Gb  Vcan_touch.o [1]
touch_init                   0x293d   0x32  Code  Gb  Vcan_touch.o [1]
touch_load                   0x2ae9    0xe  Code  Gb  Vcan_touch.o [1]
touch_save                   0x2af7    0xe  Code  Gb  Vcan_touch.o [1]
uart_init                    0x4851  0x1f6  Code  Gb  MK60_uart.o [1]
uart_putchar                 0x4a47   0x1c  Code  Gb  MK60_uart.o [1]
vector_str              0x1fff'0410  0x708  Data  Gb  MK60_conf.o [1]
wdog_disable                 0x5a15   0x14  Code  Gb  MK60_wdog.o [1]
wdog_unlock                  0x5a29   0x20  Code  Lc  MK60_wdog.o [1]
write_vtor                   0x5ac5   0x22  Code  Gb  misc.o [1]
xpt2046_get_xy               0x2f4b   0x3e  Code  Gb  Vcan_touch.o [1]
xpt2046_read                 0x2fb5   0xf4  Code  Gb  Vcan_touch.o [1]
xpt2046_read_ch              0x2f09   0x42  Code  Gb  Vcan_touch.o [1]


[1] = D:\Users\17707\Desktop\K60ForVcan\Project\IAR\IarVcan\Debug\Obj
[2] = dl7M_tlf.a
[3] = m7M_tl.a
[4] = rt7M_tl.a
[5] = shb_l.a

  18'092 bytes of readonly  code memory
     632 bytes of readwrite code memory
   6'084 bytes of readonly  data memory
   2'323 bytes of readwrite data memory

Errors: none
Warnings: none
